main.c:120:5:main	32	static
main.c:392:6:SystemClock_Config	88	static
main.c:437:13:MX_ADC1_Init	24	static
main.c:487:13:MX_SPI3_Init	8	static
main.c:525:13:MX_TIM3_Init	32	static
main.c:570:13:MX_TIM11_Init	8	static
main.c:601:13:MX_USART2_UART_Init	8	static
main.c:632:13:MX_DMA_Init	16	static
main.c:650:13:MX_GPIO_Init	48	static
main.c:699:6:MCP4922SetOutput	24	static
main.c:706:6:HAL_SPI_TxCpltCallback	16	static
main.c:714:6:HAL_TIM_PeriodElapsedCallback	24	static
main.c:721:17:micros	12	static
main.c:725:9:UARTRecieve	16	static
main.c:737:6:HAL_UART_RxCpltCallback	16	static
main.c:749:6:Error_Handler	4	static,ignoring_inline_asm
